// Jest Snapshot v1, https://goo.gl/fbAQLP

exports[`LoadStopSequence component Should match the LoadStopSequence component snapshot 1`] = `
<Card>
  <ForwardRef(InternalForm)
    form={
      Object {
        "__INTERNAL__": Object {
          "itemRef": [Function],
        },
        "getFieldError": [Function],
        "getFieldInstance": [Function],
        "getFieldValue": [Function],
        "getFieldsError": [Function],
        "getFieldsValue": [Function],
        "getInternalHooks": [Function],
        "isFieldTouched": [Function],
        "isFieldValidating": [Function],
        "isFieldsTouched": [Function],
        "isFieldsValidating": [Function],
        "resetFields": [Function],
        "scrollToField": [Function],
        "setFields": [Function],
        "setFieldsValue": [Function],
        "submit": [Function],
        "validateFields": [Function],
      }
    }
    layout="vertical"
  >
    <FormItem
      label="Verkehrsmittel typ"
    >
      <ForwardRef(InternalSelect)
        id="mode_selector"
        onChange={[Function]}
        value="verkehrsmittel typ ausw채hlen"
      >
        <Option
          id="Modus_ausw채hlen"
          value="verkehrsmittel typ ausw채hlen"
        >
          verkehrsmittel typ ausw채hlen
        </Option>
        <Option
          id="13"
          value="13"
        >
          13
        </Option>
        <Option
          id="5"
          value="5"
        >
          5
        </Option>
        <Option
          id="8"
          value="8"
        >
          8
        </Option>
        <Option
          id="9"
          value="9"
        >
          9
        </Option>
        <Option
          id="2"
          value="2"
        >
          2
        </Option>
        <Option
          id="4"
          value="4"
        >
          4
        </Option>
      </ForwardRef(InternalSelect)>
    </FormItem>
  </ForwardRef(InternalForm)>
</Card>
`;
