// Jest Snapshot v1, https://goo.gl/fbAQLP

exports[`SaveStopSequenceForm component Should matches snapshot with the SaveStopSequenceForm component 1`] = `undefined`;
