// Jest Snapshot v1, https://goo.gl/fbAQLP

exports[`Test the customHooks of the /components/index.tsx Should match snapShot with the main component => component/index 1`] = `undefined`;
