// Jest Snapshot v1, https://goo.gl/fbAQLP

exports[`LoadManagedRouteForm component Should match the LoadStopSequence component snapshot 1`] = `undefined`;
